
> temp-backend@0.0.1 build C:\Users\PC\MS-Saas\musicianmarket\backend
> nest build

node.exe : [96msrc/common/guards/jwt.st
rategy.ts[0m:[93m3[0m:[93m38[0m - 
[91merror[0m[90m TS7016: [0mCould 
not find a declaration file for module 
'passport-jwt'. 'C:/Users/PC/MS-Saas/mus
icianmarket/backend/node_modules/.pnpm/p
assport-jwt@4.0.1/node_modules/passport-
jwt/lib/index.js' implicitly has an 
'any' type.
At C:\Users\PC\AppData\Roaming\npm\pnpm.
ps1:24 char:5
+     & "node$exe"  "$basedir/node_modul
es/corepack/dist/pnpm.js" $args
+     ~~~~~~~~~~~~~~~~~~~~~~~~~~~~~~~~~~
~~~~~~~~~~~~~~~~~~~~~~~~~~~~~~~
    + CategoryInfo          : NotSpecif 
   ied: ([96msrc/common... an 'any' t  
  ype.:String) [], RemoteException
    + FullyQualifiedErrorId : NativeCom 
   mandError
 
  Try `npm i --save-dev 
@types/passport-jwt` if it exists or 
add a new declaration (.d.ts) file 
containing `declare module 
'passport-jwt';`

[7m3[0m import { ExtractJwt, Strategy 
} from 'passport-jwt';
[7m [0m [91m                         
            ~~~~~~~~~~~~~~[0m
[96msrc/common/services/b2.service.ts[
0m:[93m3[0m:[93m16[0m - 
[91merror[0m[90m TS2307: [0mCannot 
find module 'backblaze-b2' or its 
corresponding type declarations.

[7m3[0m import B2 from 'backblaze-b2';
[7m [0m [91m               
~~~~~~~~~~~~~~[0m
[96msrc/modules/auth/auth.service.ts[0
m:[93m5[0m:[93m25[0m - 
[91merror[0m[90m TS7016: [0mCould 
not find a declaration file for module 
'bcrypt'. 'C:/Users/PC/MS-Saas/musicianm
arket/backend/node_modules/.pnpm/bcrypt@
6.0.0/node_modules/bcrypt/bcrypt.js' 
implicitly has an 'any' type.
  Try `npm i --save-dev @types/bcrypt` 
if it exists or add a new declaration 
(.d.ts) file containing `declare module 
'bcrypt';`

[7m5[0m import * as bcrypt from 
'bcrypt';
[7m [0m [91m                        
~~~~~~~~[0m

Found 3 error(s).

ΓÇëELIFECYCLEΓÇë Command failed with exit code 1.
